V3 26
FL D:/GitHub/VHDL_Modules/UART_test/FIFO.vhd 2015/01/13.14:30:42 P.28xd
EN work/FIFO 1421283884 FL D:/GitHub/VHDL_Modules/UART_test/FIFO.vhd \
      PB ieee/std_logic_1164 1341906176 PB ieee/NUMERIC_STD 1341906182
AR work/FIFO/Behavioral 1421283885 \
      FL D:/GitHub/VHDL_Modules/UART_test/FIFO.vhd EN work/FIFO 1421283884
FL D:/GitHub/VHDL_Modules/UART_test/mod_m_counter.vhd 2015/01/12.16:58:56 P.28xd
EN work/mod_m_counter 1421283880 \
      FL D:/GitHub/VHDL_Modules/UART_test/mod_m_counter.vhd \
      PB ieee/std_logic_1164 1341906176 PB ieee/NUMERIC_STD 1341906182
AR work/mod_m_counter/Behavioral 1421283881 \
      FL D:/GitHub/VHDL_Modules/UART_test/mod_m_counter.vhd EN work/mod_m_counter 1421283880
FL D:/GitHub/VHDL_Modules/UART_test/UART.vhd 2015/01/13.15:26:44 P.28xd
EN work/UART 1421283888 FL D:/GitHub/VHDL_Modules/UART_test/UART.vhd \
      PB ieee/std_logic_1164 1341906176 PB ieee/NUMERIC_STD 1341906182
AR work/UART/Behavioral 1421283889 \
      FL D:/GitHub/VHDL_Modules/UART_test/UART.vhd EN work/UART 1421283888 \
      CP work/mod_m_counter CP work/UART_RX CP work/fifo CP work/uart_tx
FL D:/GitHub/VHDL_Modules/UART_test/UART_RX.vhd 2015/01/10.15:35:32 P.28xd
EN work/UART_RX 1421283882 FL D:/GitHub/VHDL_Modules/UART_test/UART_RX.vhd \
      PB ieee/std_logic_1164 1341906176 PB ieee/NUMERIC_STD 1341906182
AR work/UART_RX/Behavioral 1421283883 \
      FL D:/GitHub/VHDL_Modules/UART_test/UART_RX.vhd EN work/UART_RX 1421283882
FL D:/GitHub/VHDL_Modules/UART_test/UART_test_echo.vhd 2015/01/14.19:04:35 P.28xd
EN work/UART_test_echo 1421283890 \
      FL D:/GitHub/VHDL_Modules/UART_test/UART_test_echo.vhd \
      PB ieee/std_logic_1164 1341906176 PB ieee/NUMERIC_STD 1341906182
AR work/UART_test_echo/Behavioral 1421283891 \
      FL D:/GitHub/VHDL_Modules/UART_test/UART_test_echo.vhd \
      EN work/UART_test_echo 1421283890 CP work/uart
FL D:/GitHub/VHDL_Modules/UART_test/UART_test_repeat.vhd 2015/01/13.15:59:00 P.28xd
EN work/UART_test_repeat 1421187185 \
      FL D:/GitHub/VHDL_Modules/UART_test/UART_test_repeat.vhd \
      PB ieee/std_logic_1164 1341906176
AR work/UART_test_repeat/Behavioral 1421187186 \
      FL D:/GitHub/VHDL_Modules/UART_test/UART_test_repeat.vhd \
      EN work/UART_test_repeat 1421187185 CP work/uart
FL D:/GitHub/VHDL_Modules/UART_test/UART_TX.vhd 2015/01/11.10:14:20 P.28xd
EN work/UART_TX 1421283886 FL D:/GitHub/VHDL_Modules/UART_test/UART_TX.vhd \
      PB ieee/std_logic_1164 1341906176 PB ieee/NUMERIC_STD 1341906182
AR work/UART_TX/Behavioral 1421283887 \
      FL D:/GitHub/VHDL_Modules/UART_test/UART_TX.vhd EN work/UART_TX 1421283886
