V3 10
FL D:/GitHub/VHDL_Modules/EEPROM/MC_25LC640A/../MC_25LC640A_Library/MC_25LC640A_CONTROLLER.vhd 2015/02/20.16:47:35 P.28xd
FL D:/GitHub/VHDL_Modules/EEPROM/MC_25LC640A/../MC_25LC640A_Library/MC_25LC640A_TYPES.vhd 2015/02/19.15:07:05 P.28xd
FL D:/GitHub/VHDL_Modules/EEPROM/MC_25LC640A_Library/MC_25LC640A_CONTROLLER.vhd 2015/02/22.20:21:58 P.28xd
EN MC_25LC640A_Library/MC_25LC640A_CONTROLLER 1424660357 \
      FL D:/GitHub/VHDL_Modules/EEPROM/MC_25LC640A_Library/MC_25LC640A_CONTROLLER.vhd \
      PB ieee/std_logic_1164 1341906176 PB ieee/NUMERIC_STD 1341906182 LB SPI \
      LB MC_25LC640A_Library PH MC_25LC640A_Library/MC_25LC640A_TYPES 1424660356
AR MC_25LC640A_Library/MC_25LC640A_CONTROLLER/Behavioral 1424660358 \
      FL D:/GitHub/VHDL_Modules/EEPROM/MC_25LC640A_Library/MC_25LC640A_CONTROLLER.vhd \
      EN MC_25LC640A_Library/MC_25LC640A_CONTROLLER 1424660357 \
      CP SPI/SPI_MASTER_MODULE
FL D:/GitHub/VHDL_Modules/EEPROM/MC_25LC640A_Library/MC_25LC640A_TYPES.vhd 2015/02/19.15:07:05 P.28xd
PH MC_25LC640A_Library/MC_25LC640A_TYPES 1424660356 \
      FL D:/GitHub/VHDL_Modules/EEPROM/MC_25LC640A_Library/MC_25LC640A_TYPES.vhd
