Release 14.2 - xst P.28xd (nt64)
Copyright (c) 1995-2012 Xilinx, Inc.  All rights reserved.
--> Parameter TMPDIR set to xst/projnav.tmp


Total REAL time to Xst completion: 0.00 secs
Total CPU time to Xst completion: 0.17 secs
 
--> Parameter xsthdpdir set to xst


Total REAL time to Xst completion: 0.00 secs
Total CPU time to Xst completion: 0.17 secs
 
--> Reading design: SPI_MASTER_MODULE.prj

TABLE OF CONTENTS
  1) Synthesis Options Summary
  2) HDL Compilation
  3) Design Hierarchy Analysis
  4) HDL Analysis
  5) HDL Synthesis
     5.1) HDL Synthesis Report
  6) Advanced HDL Synthesis
     6.1) Advanced HDL Synthesis Report
  7) Low Level Synthesis
  8) Partition Report
  9) Final Report
	9.1) Device utilization summary
	9.2) Partition Resource Summary
	9.3) TIMING REPORT


=========================================================================
*                      Synthesis Options Summary                        *
=========================================================================
---- Source Parameters
Input File Name                    : "SPI_MASTER_MODULE.prj"
Input Format                       : mixed
Ignore Synthesis Constraint File   : NO

---- Target Parameters
Output File Name                   : "SPI_MASTER_MODULE"
Output Format                      : NGC
Target Device                      : xc3s500e-5-vq100

---- Source Options
Top Module Name                    : SPI_MASTER_MODULE
Automatic FSM Extraction           : YES
FSM Encoding Algorithm             : Auto
Safe Implementation                : No
FSM Style                          : LUT
RAM Extraction                     : Yes
RAM Style                          : Auto
ROM Extraction                     : Yes
Mux Style                          : Auto
Decoder Extraction                 : YES
Priority Encoder Extraction        : Yes
Shift Register Extraction          : YES
Logical Shifter Extraction         : YES
XOR Collapsing                     : YES
ROM Style                          : Auto
Mux Extraction                     : Yes
Resource Sharing                   : YES
Asynchronous To Synchronous        : NO
Multiplier Style                   : Auto
Automatic Register Balancing       : No

---- Target Options
Add IO Buffers                     : YES
Global Maximum Fanout              : 100000
Add Generic Clock Buffer(BUFG)     : 24
Register Duplication               : YES
Slice Packing                      : YES
Optimize Instantiated Primitives   : NO
Use Clock Enable                   : Yes
Use Synchronous Set                : Yes
Use Synchronous Reset              : Yes
Pack IO Registers into IOBs        : Auto
Equivalent register Removal        : YES

---- General Options
Optimization Goal                  : Speed
Optimization Effort                : 1
Keep Hierarchy                     : No
Netlist Hierarchy                  : As_Optimized
RTL Output                         : Yes
Global Optimization                : AllClockNets
Read Cores                         : YES
Write Timing Constraints           : NO
Cross Clock Analysis               : NO
Hierarchy Separator                : /
Bus Delimiter                      : <>
Case Specifier                     : Maintain
Slice Utilization Ratio            : 100
BRAM Utilization Ratio             : 100
Verilog 2001                       : YES
Auto BRAM Packing                  : NO
Slice Utilization Ratio Delta      : 5

=========================================================================


=========================================================================
*                          HDL Compilation                              *
=========================================================================
Compiling vhdl file "D:/GitHub/VHDL_Modules/SPI/Library/SPI/SCLK_CE_GEN.vhd" in Library SPI.
Entity <sclk_ce_gen> compiled.
Entity <sclk_ce_gen> (Architecture <behavioral>) compiled.
Compiling vhdl file "D:/GitHub/VHDL_Modules/SPI/Library/SPI/SPI_MASTER_TX.vhd" in Library SPI.
Architecture behavioral of Entity spi_master_tx is up to date.
Compiling vhdl file "D:/GitHub/VHDL_Modules/SPI/Library/SPI/FIFO.vhd" in Library SPI.
Architecture behavioral of Entity fifo is up to date.
Compiling vhdl file "D:/GitHub/VHDL_Modules/SPI/Library/SPI/SPI_MASTER_RX.vhd" in Library SPI.
Architecture behavioral of Entity spi_master_rx is up to date.
Compiling vhdl file "D:/GitHub/VHDL_Modules/SPI/Library/SPI/SPI_MASTER_MODULE.vhd" in Library SPI.
Entity <spi_master_module> compiled.
Entity <spi_master_module> (Architecture <behavioral>) compiled.

=========================================================================
*                     Design Hierarchy Analysis                         *
=========================================================================
Analyzing hierarchy for entity <SPI_MASTER_MODULE> in library <SPI> (architecture <behavioral>) with generics.
	ADDRESS_WIDTH = 1
	CLK_DIV_BITS = 4
	CLK_DIV_COUNT = 16
	FIFO_W = 2
	N = 8
	PHA = '1'
	POL = '1'
	SLAVES = 2

Analyzing hierarchy for entity <SCLK_CE_GEN> in library <SPI> (architecture <behavioral>) with generics.
	COUNTER_BITS = 4
	COUNTER_MAX = 10
	N = 8
	POL = '1'

Analyzing hierarchy for entity <SPI_MASTER_TX> in library <SPI> (architecture <behavioral>) with generics.
	N = 8
	PHA = '1'
	POL = '1'

Analyzing hierarchy for entity <FIFO> in library <SPI> (architecture <behavioral>) with generics.
	B = 8
	W = 2

Analyzing hierarchy for entity <SPI_MASTER_RX> in library <SPI> (architecture <behavioral>) with generics.
	N = 8
	PHA = '1'
	POL = '1'


=========================================================================
*                            HDL Analysis                               *
=========================================================================
Analyzing generic Entity <SPI_MASTER_MODULE> in library <SPI> (Architecture <behavioral>).
	ADDRESS_WIDTH = 1
	CLK_DIV_BITS = 4
	CLK_DIV_COUNT = 16
	FIFO_W = 2
	N = 8
	PHA = '1'
	POL = '1'
	SLAVES = 2
Entity <SPI_MASTER_MODULE> analyzed. Unit <SPI_MASTER_MODULE> generated.

Analyzing generic Entity <SCLK_CE_GEN> in library <SPI> (Architecture <behavioral>).
	COUNTER_BITS = 4
	COUNTER_MAX = 10
	N = 8
	POL = '1'
Entity <SCLK_CE_GEN> analyzed. Unit <SCLK_CE_GEN> generated.

Analyzing generic Entity <SPI_MASTER_TX> in library <SPI> (Architecture <behavioral>).
	N = 8
	PHA = '1'
	POL = '1'
Entity <SPI_MASTER_TX> analyzed. Unit <SPI_MASTER_TX> generated.

Analyzing generic Entity <FIFO> in library <SPI> (Architecture <behavioral>).
	B = 8
	W = 2
Entity <FIFO> analyzed. Unit <FIFO> generated.

Analyzing generic Entity <SPI_MASTER_RX> in library <SPI> (Architecture <behavioral>).
	N = 8
	PHA = '1'
	POL = '1'
Entity <SPI_MASTER_RX> analyzed. Unit <SPI_MASTER_RX> generated.


=========================================================================
*                           HDL Synthesis                               *
=========================================================================

Performing bidirectional port resolution...

Synthesizing Unit <SCLK_CE_GEN>.
    Related source file is "D:/GitHub/VHDL_Modules/SPI/Library/SPI/SCLK_CE_GEN.vhd".
    Found 1-bit register for signal <busy_current>.
    Found 1-bit register for signal <ce_current>.
    Found 4-bit comparator lessequal for signal <ce_current$cmp_le0000> created at line 111.
    Found 4-bit register for signal <counter_current>.
    Found 4-bit adder for signal <counter_current$addsub0000>.
    Found 4-bit comparator greatequal for signal <counter_current$cmp_ge0000> created at line 105.
    Found 8-bit adder for signal <r_next$addsub0000> created at line 137.
    Found 8-bit register for signal <r_reg>.
    Found 1-bit register for signal <reset_counter_current>.
    Found 1-bit register for signal <sclk_current>.
    Found 1-bit register for signal <state_current<0>>.
    Found 4-bit comparator greater for signal <state_next_0$cmp_gt0000> created at line 111.
    Found 32-bit comparator greater for signal <state_next_0$cmp_gt0001> created at line 115.
    Found 32-bit comparator lessequal for signal <state_next_0$cmp_le0000> created at line 111.
    Found 4-bit comparator less for signal <state_next_0$cmp_lt0000> created at line 105.
    Summary:
	inferred  17 D-type flip-flop(s).
	inferred   2 Adder/Subtractor(s).
	inferred   6 Comparator(s).
Unit <SCLK_CE_GEN> synthesized.


Synthesizing Unit <SPI_MASTER_TX>.
    Related source file is "D:/GitHub/VHDL_Modules/SPI/Library/SPI/SPI_MASTER_TX.vhd".
    Found 4-bit register for signal <counter_current>.
    Found 4-bit adder for signal <counter_current$addsub0000> created at line 115.
    Found 8-bit register for signal <data_reg>.
    Found 1-bit register for signal <delay_current>.
    Found 1-bit xor2 for signal <sclk_edge$xor0000> created at line 47.
    Found 1-bit register for signal <sclk_prev>.
    Found 1-bit register for signal <state_current<0>>.
    Found 1-bit register for signal <tx_done_current>.
    Summary:
	inferred  16 D-type flip-flop(s).
	inferred   1 Adder/Subtractor(s).
Unit <SPI_MASTER_TX> synthesized.


Synthesizing Unit <FIFO>.
    Related source file is "D:/GitHub/VHDL_Modules/SPI/Library/SPI/FIFO.vhd".
    Found 4x8-bit dual-port RAM <Mram_array_reg> for signal <array_reg>.
    Found 1-bit register for signal <empty_reg>.
    Found 2-bit comparator equal for signal <empty_reg$cmp_eq0000> created at line 88.
    Found 1-bit 4-to-1 multiplexer for signal <empty_reg$mux0001> created at line 82.
    Found 1-bit register for signal <full_reg>.
    Found 2-bit comparator equal for signal <full_reg$cmp_eq0000> created at line 96.
    Found 1-bit 4-to-1 multiplexer for signal <full_reg$mux0001> created at line 82.
    Found 2-bit register for signal <r_ptr_reg>.
    Found 2-bit 4-to-1 multiplexer for signal <r_ptr_reg$mux0001> created at line 82.
    Found 2-bit adder for signal <r_ptr_succ$add0000> created at line 70.
    Found 2-bit register for signal <w_ptr_reg>.
    Found 2-bit 4-to-1 multiplexer for signal <w_ptr_reg$mux0001> created at line 82.
    Found 2-bit adder for signal <w_ptr_succ$add0000> created at line 69.
    Summary:
	inferred   1 RAM(s).
	inferred   6 D-type flip-flop(s).
	inferred   2 Adder/Subtractor(s).
	inferred   2 Comparator(s).
	inferred   6 Multiplexer(s).
Unit <FIFO> synthesized.


Synthesizing Unit <SPI_MASTER_RX>.
    Related source file is "D:/GitHub/VHDL_Modules/SPI/Library/SPI/SPI_MASTER_RX.vhd".
    Found 1-bit register for signal <ce_prev>.
    Found 4-bit register for signal <counter_current>.
    Found 4-bit adder for signal <counter_current$addsub0000> created at line 101.
    Found 8-bit register for signal <data_reg>.
    Found 1-bit register for signal <rx_done_current>.
    Found 1-bit register for signal <rx_done_en_current>.
    Found 1-bit xor2 for signal <sclk_edge$xor0000> created at line 46.
    Found 1-bit register for signal <sclk_prev>.
    Found 1-bit register for signal <state_current<0>>.
    Summary:
	inferred  17 D-type flip-flop(s).
	inferred   1 Adder/Subtractor(s).
Unit <SPI_MASTER_RX> synthesized.


Synthesizing Unit <SPI_MASTER_MODULE>.
    Related source file is "D:/GitHub/VHDL_Modules/SPI/Library/SPI/SPI_MASTER_MODULE.vhd".
    Found 1-bit register for signal <start_rx_signal>.
    Summary:
	inferred   1 D-type flip-flop(s).
Unit <SPI_MASTER_MODULE> synthesized.

INFO:Xst:1767 - HDL ADVISOR - Resource sharing has identified that some arithmetic operations in this design can share the same physical resources for reduced device utilization. For improved clock frequency you may try to disable resource sharing.

=========================================================================
HDL Synthesis Report

Macro Statistics
# RAMs                                                 : 2
 4x8-bit dual-port RAM                                 : 2
# Adders/Subtractors                                   : 8
 2-bit adder                                           : 4
 4-bit adder                                           : 3
 8-bit adder                                           : 1
# Registers                                            : 29
 1-bit register                                        : 19
 2-bit register                                        : 4
 4-bit register                                        : 3
 8-bit register                                        : 3
# Comparators                                          : 10
 2-bit comparator equal                                : 4
 32-bit comparator greater                             : 1
 32-bit comparator lessequal                           : 1
 4-bit comparator greatequal                           : 1
 4-bit comparator greater                              : 1
 4-bit comparator less                                 : 1
 4-bit comparator lessequal                            : 1
# Multiplexers                                         : 8
 1-bit 4-to-1 multiplexer                              : 4
 2-bit 4-to-1 multiplexer                              : 4
# Xors                                                 : 2
 1-bit xor2                                            : 2

=========================================================================

=========================================================================
*                       Advanced HDL Synthesis                          *
=========================================================================


Synthesizing (advanced) Unit <FIFO>.
INFO:Xst:3231 - The small RAM <Mram_array_reg> will be implemented on LUTs in order to maximize performance and save block RAM resources. If you want to force its implementation on block, use option/constraint ram_style.
    -----------------------------------------------------------------------
    | ram_type           | Distributed                         |          |
    -----------------------------------------------------------------------
    | Port A                                                              |
    |     aspect ratio   | 4-word x 8-bit                      |          |
    |     clkA           | connected to signal <CLK>           | rise     |
    |     weA            | connected to signal <wr_en>         | high     |
    |     addrA          | connected to signal <w_ptr_reg>     |          |
    |     diA            | connected to signal <W_DATA>        |          |
    -----------------------------------------------------------------------
    | Port B                                                              |
    |     aspect ratio   | 4-word x 8-bit                      |          |
    |     addrB          | connected to signal <r_ptr_reg>     |          |
    |     doB            | connected to signal <R_DATA>        |          |
    -----------------------------------------------------------------------
INFO:Xst:3217 - HDL ADVISOR - Register <data_reg> currently described with an asynchronous reset, could be combined with distributed RAM <Mram_array_reg> for implementation on block RAM resources if you made this reset synchronous instead.
Unit <FIFO> synthesized (advanced).

=========================================================================
Advanced HDL Synthesis Report

Macro Statistics
# RAMs                                                 : 2
 4x8-bit dual-port distributed RAM                     : 2
# Adders/Subtractors                                   : 8
 2-bit adder                                           : 4
 4-bit adder                                           : 3
 8-bit adder                                           : 1
# Registers                                            : 63
 Flip-Flops                                            : 63
# Comparators                                          : 10
 2-bit comparator equal                                : 4
 32-bit comparator greater                             : 1
 32-bit comparator lessequal                           : 1
 4-bit comparator greatequal                           : 1
 4-bit comparator greater                              : 1
 4-bit comparator less                                 : 1
 4-bit comparator lessequal                            : 1
# Multiplexers                                         : 8
 1-bit 4-to-1 multiplexer                              : 4
 2-bit 4-to-1 multiplexer                              : 4
# Xors                                                 : 2
 1-bit xor2                                            : 2

=========================================================================

=========================================================================
*                         Low Level Synthesis                           *
=========================================================================

Optimizing unit <SPI_MASTER_MODULE> ...

Optimizing unit <SCLK_CE_GEN> ...

Optimizing unit <SPI_MASTER_TX> ...

Optimizing unit <FIFO> ...

Optimizing unit <SPI_MASTER_RX> ...
WARNING:Xst:1710 - FF/Latch <counter_current_3> (without init value) has a constant value of 0 in block <SPI_MASTER_RX>. This FF/Latch will be trimmed during the optimization process.
WARNING:Xst:1710 - FF/Latch <counter_current_3> (without init value) has a constant value of 0 in block <SPI_MASTER_RX>. This FF/Latch will be trimmed during the optimization process.

Mapping all equations...
Building and optimizing final netlist ...
INFO:Xst:2261 - The FF/Latch <Inst_SPI_MASTER_TX/sclk_prev> in Unit <SPI_MASTER_MODULE> is equivalent to the following FF/Latch, which will be removed : <Inst_SPI_MASTER_RX/sclk_prev> 
Found area constraint ratio of 100 (+ 5) on block SPI_MASTER_MODULE, actual ratio is 1.

Final Macro Processing ...

=========================================================================
Final Register Report

Macro Statistics
# Registers                                            : 61
 Flip-Flops                                            : 61

=========================================================================

=========================================================================
*                           Partition Report                            *
=========================================================================

Partition Implementation Status
-------------------------------

  No Partitions were found in this design.

-------------------------------

=========================================================================
*                            Final Report                               *
=========================================================================
Final Results
RTL Top Level Output File Name     : SPI_MASTER_MODULE.ngr
Top Level Output File Name         : SPI_MASTER_MODULE
Output Format                      : NGC
Optimization Goal                  : Speed
Keep Hierarchy                     : No

Design Statistics
# IOs                              : 33

Cell Usage :
# BELS                             : 113
#      GND                         : 1
#      INV                         : 4
#      LUT2                        : 16
#      LUT2_D                      : 4
#      LUT2_L                      : 9
#      LUT3                        : 21
#      LUT3_D                      : 1
#      LUT3_L                      : 3
#      LUT4                        : 43
#      LUT4_D                      : 4
#      LUT4_L                      : 6
#      MUXF5                       : 1
# FlipFlops/Latches                : 61
#      FDC                         : 5
#      FDCE                        : 19
#      FDE                         : 11
#      FDP                         : 3
#      FDPE                        : 3
#      FDR                         : 16
#      FDRS                        : 2
#      FDS                         : 2
# RAMS                             : 16
#      RAM16X1D                    : 16
# Clock Buffers                    : 1
#      BUFGP                       : 1
# IO Buffers                       : 32
#      IBUF                        : 15
#      OBUF                        : 17
=========================================================================

Device utilization summary:
---------------------------

Selected Device : 3s500evq100-5 

 Number of Slices:                       58  out of   4656     1%  
 Number of Slice Flip Flops:             61  out of   9312     0%  
 Number of 4 input LUTs:                143  out of   9312     1%  
    Number used as logic:               111
    Number used as RAMs:                 32
 Number of IOs:                          33
 Number of bonded IOBs:                  33  out of     66    50%  
 Number of GCLKs:                         1  out of     24     4%  

---------------------------
Partition Resource Summary:
---------------------------

  No Partitions were found in this design.

---------------------------


=========================================================================
TIMING REPORT

NOTE: THESE TIMING NUMBERS ARE ONLY A SYNTHESIS ESTIMATE.
      FOR ACCURATE TIMING INFORMATION PLEASE REFER TO THE TRACE REPORT
      GENERATED AFTER PLACE-and-ROUTE.

Clock Information:
------------------
-----------------------------------+------------------------+-------+
Clock Signal                       | Clock buffer(FF name)  | Load  |
-----------------------------------+------------------------+-------+
Inst_SCLK_CE_GEN/ce_current        | NONE(start_rx_signal)  | 1     |
CLK                                | BUFGP                  | 76    |
-----------------------------------+------------------------+-------+
INFO:Xst:2169 - HDL ADVISOR - Some clock signals were not automatically buffered by XST with BUFG/BUFR resources. Please use the buffer_type constraint in order to insert these buffers to the clock signals to help prevent skew problems.

Asynchronous Control Signals Information:
----------------------------------------
-----------------------------------+------------------------+-------+
Control Signal                     | Buffer(FF name)        | Load  |
-----------------------------------+------------------------+-------+
RESET                              | IBUF                   | 29    |
START_RX                           | IBUF                   | 1     |
-----------------------------------+------------------------+-------+

Timing Summary:
---------------
Speed Grade: -5

   Minimum period: 5.066ns (Maximum Frequency: 197.385MHz)
   Minimum input arrival time before clock: 5.406ns
   Maximum output required time after clock: 5.597ns
   Maximum combinational path delay: 5.776ns

Timing Detail:
--------------
All values displayed in nanoseconds (ns)

=========================================================================
Timing constraint: Default period analysis for Clock 'CLK'
  Clock period: 5.066ns (frequency: 197.385MHz)
  Total number of paths / destination ports: 685 / 190
-------------------------------------------------------------------------
Delay:               5.066ns (Levels of Logic = 3)
  Source:            Inst_SCLK_CE_GEN/sclk_current (FF)
  Destination:       Inst_SPI_MASTER_TX/data_reg_7 (FF)
  Source Clock:      CLK rising
  Destination Clock: CLK rising

  Data Path: Inst_SCLK_CE_GEN/sclk_current to Inst_SPI_MASTER_TX/data_reg_7
                                Gate     Net
    Cell:in->out      fanout   Delay   Delay  Logical Name (Net Name)
    ----------------------------------------  ------------
     FDPE:C->Q            12   0.514   0.820  Inst_SCLK_CE_GEN/sclk_current (Inst_SCLK_CE_GEN/sclk_current)
     LUT4:I3->O            1   0.612   0.387  Inst_SPI_MASTER_TX/data_reg_and00022_SW0_SW1 (N33)
     LUT4:I2->O            2   0.612   0.383  Inst_SPI_MASTER_TX/data_reg_and00022 (Inst_SPI_MASTER_TX/N4)
     LUT4:I3->O            8   0.612   0.643  Inst_SPI_MASTER_TX/data_reg_not00011 (Inst_SPI_MASTER_TX/data_reg_not0001)
     FDCE:CE                   0.483          Inst_SPI_MASTER_TX/data_reg_0
    ----------------------------------------
    Total                      5.066ns (2.833ns logic, 2.233ns route)
                                       (55.9% logic, 44.1% route)

=========================================================================
Timing constraint: Default OFFSET IN BEFORE for Clock 'CLK'
  Total number of paths / destination ports: 87 / 83
-------------------------------------------------------------------------
Offset:              5.406ns (Levels of Logic = 4)
  Source:            CONT (PAD)
  Destination:       Inst_SPI_MASTER_TX/data_reg_7 (FF)
  Destination Clock: CLK rising

  Data Path: CONT to Inst_SPI_MASTER_TX/data_reg_7
                                Gate     Net
    Cell:in->out      fanout   Delay   Delay  Logical Name (Net Name)
    ----------------------------------------  ------------
     IBUF:I->O             5   1.106   0.568  CONT_IBUF (CONT_IBUF)
     LUT4:I2->O            1   0.612   0.387  Inst_SPI_MASTER_TX/data_reg_and00022_SW0_SW1 (N33)
     LUT4:I2->O            2   0.612   0.383  Inst_SPI_MASTER_TX/data_reg_and00022 (Inst_SPI_MASTER_TX/N4)
     LUT4:I3->O            8   0.612   0.643  Inst_SPI_MASTER_TX/data_reg_not00011 (Inst_SPI_MASTER_TX/data_reg_not0001)
     FDCE:CE                   0.483          Inst_SPI_MASTER_TX/data_reg_0
    ----------------------------------------
    Total                      5.406ns (3.425ns logic, 1.981ns route)
                                       (63.4% logic, 36.6% route)

=========================================================================
Timing constraint: Default OFFSET OUT AFTER for Clock 'CLK'
  Total number of paths / destination ports: 33 / 17
-------------------------------------------------------------------------
Offset:              5.597ns (Levels of Logic = 2)
  Source:            Inst_SCLK_CE_GEN/ce_current (FF)
  Destination:       SS<0> (PAD)
  Source Clock:      CLK rising

  Data Path: Inst_SCLK_CE_GEN/ce_current to SS<0>
                                Gate     Net
    Cell:in->out      fanout   Delay   Delay  Logical Name (Net Name)
    ----------------------------------------  ------------
     FDPE:C->Q            11   0.514   0.945  Inst_SCLK_CE_GEN/ce_current (Inst_SCLK_CE_GEN/ce_current)
     LUT2:I0->O            1   0.612   0.357  ss_signal_0_mux00001 (SS_0_OBUF)
     OBUF:I->O                 3.169          SS_0_OBUF (SS<0>)
    ----------------------------------------
    Total                      5.597ns (4.295ns logic, 1.302ns route)
                                       (76.7% logic, 23.3% route)

=========================================================================
Timing constraint: Default path analysis
  Total number of paths / destination ports: 2 / 2
-------------------------------------------------------------------------
Delay:               5.776ns (Levels of Logic = 3)
  Source:            ADDRESS<0> (PAD)
  Destination:       SS<1> (PAD)

  Data Path: ADDRESS<0> to SS<1>
                                Gate     Net
    Cell:in->out      fanout   Delay   Delay  Logical Name (Net Name)
    ----------------------------------------  ------------
     IBUF:I->O             2   1.106   0.532  ADDRESS_0_IBUF (ADDRESS_0_IBUF)
     LUT2:I0->O            1   0.612   0.357  ss_signal_1_mux00001 (SS_1_OBUF)
     OBUF:I->O                 3.169          SS_1_OBUF (SS<1>)
    ----------------------------------------
    Total                      5.776ns (4.887ns logic, 0.889ns route)
                                       (84.6% logic, 15.4% route)

=========================================================================


Total REAL time to Xst completion: 6.00 secs
Total CPU time to Xst completion: 6.44 secs
 
--> 

Total memory usage is 276072 kilobytes

Number of errors   :    0 (   0 filtered)
Number of warnings :    2 (   0 filtered)
Number of infos    :    5 (   0 filtered)

