V3 12
FL D:/GitHub/VHDL_Modules/Design_concepts/Block_RAM.vhd 2015/02/26.18:11:59 P.28xd
EN work/BLOCK_RAM 1425225531 \
      FL D:/GitHub/VHDL_Modules/Design_concepts/Block_RAM.vhd \
      PB ieee/std_logic_1164 1341906176 PB ieee/NUMERIC_STD 1341906182
AR work/BLOCK_RAM/Behavioral 1425225532 \
      FL D:/GitHub/VHDL_Modules/Design_concepts/Block_RAM.vhd EN work/BLOCK_RAM 1425225531
FL D:/GitHub/VHDL_Modules/Design_concepts/FIFO.vhd 2015/03/01.10:12:25 P.28xd
EN work/FIFO 1425226353 FL D:/GitHub/VHDL_Modules/Design_concepts/FIFO.vhd \
      PB ieee/std_logic_1164 1341906176 PB ieee/NUMERIC_STD 1341906182
AR work/FIFO/Behavioral 1425226354 \
      FL D:/GitHub/VHDL_Modules/Design_concepts/FIFO.vhd EN work/FIFO 1425226353
FL D:/GitHub/VHDL_Modules/Design_concepts/spi_master.vhd 2015/03/12.14:41:05 P.28xd
EN work/spi_master 1426192871 \
      FL D:/GitHub/VHDL_Modules/Design_concepts/spi_master.vhd \
      PB ieee/std_logic_1164 1341906176 PB ieee/std_logic_arith 1341906177 \
      PB ieee/STD_LOGIC_UNSIGNED 1341906179
AR work/spi_master/logic 1426192872 \
      FL D:/GitHub/VHDL_Modules/Design_concepts/spi_master.vhd EN work/spi_master 1426192871
FL D:/GitHub/VHDL_Modules/Design_concepts/STATE_MACHINE.vhd 2015/02/23.18:49:18 P.28xd
EN work/STATE_MACHINE 1424738963 \
      FL D:/GitHub/VHDL_Modules/Design_concepts/STATE_MACHINE.vhd \
      PB ieee/std_logic_1164 1341906176
AR work/STATE_MACHINE/Behavioral 1424738964 \
      FL D:/GitHub/VHDL_Modules/Design_concepts/STATE_MACHINE.vhd \
      EN work/STATE_MACHINE 1424738963
