AR waveformgenerator spartan3e "D:/GitHub/VHDL_Modules/Digital Snake Wing/DAC_Test/ipcore_dir/tmp/./_cg/_dbg/WaveformGenerator.vhd" sub00/vhpl01 1408291223
EN waveformgenerator NULL "D:/GitHub/VHDL_Modules/Digital Snake Wing/DAC_Test/ipcore_dir/tmp/./_cg/_dbg/WaveformGenerator.vhd" sub00/vhpl00 1408291222
