V3 87
FL "D:/GitHub/VHDL_Modules/Digital Snake Wing/DAC_Test/ipcore_dir/tmp/./_cg/_dbg/./mult_gen_v11_0/ccm.vhd" 2014/08/17.10:57:50 P.28xd
EN mult_gen_v11_0/ccm 1408291139 \
      FL "D:/GitHub/VHDL_Modules/Digital Snake Wing/DAC_Test/ipcore_dir/tmp/./_cg/_dbg/./mult_gen_v11_0/ccm.vhd" \
      PB ieee/std_logic_1164 1341906176 PB ieee/NUMERIC_STD 1341906182 \
      LB xbip_utils_v2_0 LB mult_gen_v11_0 PB xbip_utils_v2_0/bip_utils_pkg_v2_0 1408291105 \
      PB mult_gen_v11_0/mult_gen_pkg_v11_0 1408291112
AR mult_gen_v11_0/ccm/xilinx 1408291140 \
      FL "D:/GitHub/VHDL_Modules/Digital Snake Wing/DAC_Test/ipcore_dir/tmp/./_cg/_dbg/./mult_gen_v11_0/ccm.vhd" \
      EN mult_gen_v11_0/ccm 1408291139 CP std_logic_vector \
      AR mult_gen_v11_0/delay_line/xilinx 1408291116 CP integer CP string \
      AR mult_gen_v11_0/ccm_operation/xilinx 1408291138 \
      AR mult_gen_v11_0/dsp/xilinx 1408291124 AR mult_gen_v11_0/mult18/xilinx 1408291122 \
      CP signal PB ieee/STD_LOGIC_UNSIGNED 1341906179
FL "D:/GitHub/VHDL_Modules/Digital Snake Wing/DAC_Test/ipcore_dir/tmp/./_cg/_dbg/./mult_gen_v11_0/ccm_dist_mem.vhd" 2014/08/17.10:57:47 P.28xd
EN mult_gen_v11_0/ccm_dist_mem 1408291127 \
      FL "D:/GitHub/VHDL_Modules/Digital Snake Wing/DAC_Test/ipcore_dir/tmp/./_cg/_dbg/./mult_gen_v11_0/ccm_dist_mem.vhd" \
      PB ieee/std_logic_1164 1341906176 PB ieee/STD_LOGIC_UNSIGNED 1341906179 \
      LB xbip_utils_v2_0 LB mult_gen_v11_0 PB xbip_utils_v2_0/bip_utils_pkg_v2_0 1408291105 \
      PB mult_gen_v11_0/mult_gen_pkg_v11_0 1408291112
AR mult_gen_v11_0/ccm_dist_mem/xilinx 1408291128 \
      FL "D:/GitHub/VHDL_Modules/Digital Snake Wing/DAC_Test/ipcore_dir/tmp/./_cg/_dbg/./mult_gen_v11_0/ccm_dist_mem.vhd" \
      EN mult_gen_v11_0/ccm_dist_mem 1408291127 CP RamType CP std_logic_vector \
      CP string CP constant CP signal
FL "D:/GitHub/VHDL_Modules/Digital Snake Wing/DAC_Test/ipcore_dir/tmp/./_cg/_dbg/./mult_gen_v11_0/ccm_dp_block_mem.vhd" 2014/08/17.10:57:48 P.28xd
EN mult_gen_v11_0/ccm_dp_block_mem 1408291131 \
      FL "D:/GitHub/VHDL_Modules/Digital Snake Wing/DAC_Test/ipcore_dir/tmp/./_cg/_dbg/./mult_gen_v11_0/ccm_dp_block_mem.vhd" \
      PB ieee/std_logic_1164 1341906176 PB ieee/STD_LOGIC_UNSIGNED 1341906179 \
      LB xbip_utils_v2_0 LB mult_gen_v11_0 PB xbip_utils_v2_0/bip_utils_pkg_v2_0 1408291105 \
      PB mult_gen_v11_0/mult_gen_pkg_v11_0 1408291112
AR mult_gen_v11_0/ccm_dp_block_mem/xilinx 1408291132 \
      FL "D:/GitHub/VHDL_Modules/Digital Snake Wing/DAC_Test/ipcore_dir/tmp/./_cg/_dbg/./mult_gen_v11_0/ccm_dp_block_mem.vhd" \
      EN mult_gen_v11_0/ccm_dp_block_mem 1408291131
FL "D:/GitHub/VHDL_Modules/Digital Snake Wing/DAC_Test/ipcore_dir/tmp/./_cg/_dbg/./mult_gen_v11_0/ccm_operation.vhd" 2014/08/17.10:57:49 P.28xd
EN mult_gen_v11_0/ccm_operation 1408291137 \
      FL "D:/GitHub/VHDL_Modules/Digital Snake Wing/DAC_Test/ipcore_dir/tmp/./_cg/_dbg/./mult_gen_v11_0/ccm_operation.vhd" \
      PB ieee/std_logic_1164 1341906176 LB xbip_utils_v2_0 LB mult_gen_v11_0 \
      PB xbip_utils_v2_0/bip_utils_pkg_v2_0 1408291105 \
      PB mult_gen_v11_0/mult_gen_pkg_v11_0 1408291112
AR mult_gen_v11_0/ccm_operation/xilinx 1408291138 \
      FL "D:/GitHub/VHDL_Modules/Digital Snake Wing/DAC_Test/ipcore_dir/tmp/./_cg/_dbg/./mult_gen_v11_0/ccm_operation.vhd" \
      EN mult_gen_v11_0/ccm_operation 1408291137 CP std_logic \
      AR mult_gen_v11_0/delay_line/xilinx 1408291116 CP boolean CP integer \
      CP std_logic_vector AR mult_gen_v11_0/ccm_syncmem/xilinx 1408291134 \
      AR mult_gen_v11_0/ccm_scaled_adder/xilinx 1408291136
FL "D:/GitHub/VHDL_Modules/Digital Snake Wing/DAC_Test/ipcore_dir/tmp/./_cg/_dbg/./mult_gen_v11_0/ccm_scaled_adder.vhd" 2014/08/17.10:57:49 P.28xd
EN mult_gen_v11_0/ccm_scaled_adder 1408291135 \
      FL "D:/GitHub/VHDL_Modules/Digital Snake Wing/DAC_Test/ipcore_dir/tmp/./_cg/_dbg/./mult_gen_v11_0/ccm_scaled_adder.vhd" \
      PB ieee/std_logic_1164 1341906176 PB ieee/NUMERIC_STD 1341906182 \
      LB xbip_utils_v2_0 LB mult_gen_v11_0 PB xbip_utils_v2_0/bip_utils_pkg_v2_0 1408291105 \
      PB mult_gen_v11_0/mult_gen_pkg_v11_0 1408291112
AR mult_gen_v11_0/ccm_scaled_adder/xilinx 1408291136 \
      FL "D:/GitHub/VHDL_Modules/Digital Snake Wing/DAC_Test/ipcore_dir/tmp/./_cg/_dbg/./mult_gen_v11_0/ccm_scaled_adder.vhd" \
      EN mult_gen_v11_0/ccm_scaled_adder 1408291135 CP integer CP boolean \
      CP std_logic_vector CP string CP signal PB ieee/STD_LOGIC_SIGNED 1341906179 \
      PB ieee/STD_LOGIC_UNSIGNED 1341906179
FL "D:/GitHub/VHDL_Modules/Digital Snake Wing/DAC_Test/ipcore_dir/tmp/./_cg/_dbg/./mult_gen_v11_0/ccm_sp_block_mem.vhd" 2014/08/17.10:57:47 P.28xd
EN mult_gen_v11_0/ccm_sp_block_mem 1408291129 \
      FL "D:/GitHub/VHDL_Modules/Digital Snake Wing/DAC_Test/ipcore_dir/tmp/./_cg/_dbg/./mult_gen_v11_0/ccm_sp_block_mem.vhd" \
      PB ieee/std_logic_1164 1341906176 PB ieee/STD_LOGIC_UNSIGNED 1341906179 \
      LB xbip_utils_v2_0 LB mult_gen_v11_0 PB xbip_utils_v2_0/bip_utils_pkg_v2_0 1408291105 \
      PB mult_gen_v11_0/mult_gen_pkg_v11_0 1408291112
AR mult_gen_v11_0/ccm_sp_block_mem/xilinx 1408291130 \
      FL "D:/GitHub/VHDL_Modules/Digital Snake Wing/DAC_Test/ipcore_dir/tmp/./_cg/_dbg/./mult_gen_v11_0/ccm_sp_block_mem.vhd" \
      EN mult_gen_v11_0/ccm_sp_block_mem 1408291129
FL "D:/GitHub/VHDL_Modules/Digital Snake Wing/DAC_Test/ipcore_dir/tmp/./_cg/_dbg/./mult_gen_v11_0/ccm_syncmem.vhd" 2014/08/17.10:57:48 P.28xd
EN mult_gen_v11_0/ccm_syncmem 1408291133 \
      FL "D:/GitHub/VHDL_Modules/Digital Snake Wing/DAC_Test/ipcore_dir/tmp/./_cg/_dbg/./mult_gen_v11_0/ccm_syncmem.vhd" \
      PB ieee/std_logic_1164 1341906176 LB xbip_utils_v2_0 LB mult_gen_v11_0 \
      PB xbip_utils_v2_0/bip_utils_pkg_v2_0 1408291105 \
      PB mult_gen_v11_0/mult_gen_pkg_v11_0 1408291112
AR mult_gen_v11_0/ccm_syncmem/xilinx 1408291134 \
      FL "D:/GitHub/VHDL_Modules/Digital Snake Wing/DAC_Test/ipcore_dir/tmp/./_cg/_dbg/./mult_gen_v11_0/ccm_syncmem.vhd" \
      EN mult_gen_v11_0/ccm_syncmem 1408291133 CP std_logic_vector \
      AR mult_gen_v11_0/ccm_sp_block_mem/xilinx 1408291130 \
      AR mult_gen_v11_0/ccm_dist_mem/xilinx 1408291128 \
      AR mult_gen_v11_0/ccm_dp_block_mem/xilinx 1408291132
FL "D:/GitHub/VHDL_Modules/Digital Snake Wing/DAC_Test/ipcore_dir/tmp/./_cg/_dbg/./mult_gen_v11_0/cc_compare.vhd" 2014/08/17.10:57:44 P.28xd
EN mult_gen_v11_0/cc_compare 1408291117 \
      FL "D:/GitHub/VHDL_Modules/Digital Snake Wing/DAC_Test/ipcore_dir/tmp/./_cg/_dbg/./mult_gen_v11_0/cc_compare.vhd" \
      PB ieee/std_logic_1164 1341906176 LB xbip_utils_v2_0 LB unisim \
      PH unisim/VCOMPONENTS 1341906184 PB xbip_utils_v2_0/bip_utils_pkg_v2_0 1408291105
AR mult_gen_v11_0/cc_compare/xilinx 1408291118 \
      FL "D:/GitHub/VHDL_Modules/Digital Snake Wing/DAC_Test/ipcore_dir/tmp/./_cg/_dbg/./mult_gen_v11_0/cc_compare.vhd" \
      EN mult_gen_v11_0/cc_compare 1408291117 CP lut4 CP lut6 CP muxcy CP xorcy
FL "D:/GitHub/VHDL_Modules/Digital Snake Wing/DAC_Test/ipcore_dir/tmp/./_cg/_dbg/./mult_gen_v11_0/delay_line.vhd" 2014/08/17.10:57:44 P.28xd
EN mult_gen_v11_0/delay_line 1408291115 \
      FL "D:/GitHub/VHDL_Modules/Digital Snake Wing/DAC_Test/ipcore_dir/tmp/./_cg/_dbg/./mult_gen_v11_0/delay_line.vhd" \
      PB ieee/std_logic_1164 1341906176
AR mult_gen_v11_0/delay_line/xilinx 1408291116 \
      FL "D:/GitHub/VHDL_Modules/Digital Snake Wing/DAC_Test/ipcore_dir/tmp/./_cg/_dbg/./mult_gen_v11_0/delay_line.vhd" \
      EN mult_gen_v11_0/delay_line 1408291115 CP std_logic_vector CP signal \
      CP T_SRL CP string
FL "D:/GitHub/VHDL_Modules/Digital Snake Wing/DAC_Test/ipcore_dir/tmp/./_cg/_dbg/./mult_gen_v11_0/dsp.vhd" 2014/08/17.10:57:46 P.28xd
EN mult_gen_v11_0/dsp 1408291123 \
      FL "D:/GitHub/VHDL_Modules/Digital Snake Wing/DAC_Test/ipcore_dir/tmp/./_cg/_dbg/./mult_gen_v11_0/dsp.vhd" \
      PB ieee/std_logic_1164 1341906176 PB ieee/STD_LOGIC_SIGNED 1341906179 \
      PB ieee/NUMERIC_STD 1341906182 LB unisim PH unisim/VCOMPONENTS 1341906184 \
      LB xbip_utils_v2_0 LB mult_gen_v11_0 PB xbip_utils_v2_0/bip_utils_pkg_v2_0 1408291105 \
      PB mult_gen_v11_0/mult_gen_pkg_v11_0 1408291112
AR mult_gen_v11_0/dsp/xilinx 1408291124 \
      FL "D:/GitHub/VHDL_Modules/Digital Snake Wing/DAC_Test/ipcore_dir/tmp/./_cg/_dbg/./mult_gen_v11_0/dsp.vhd" \
      EN mult_gen_v11_0/dsp 1408291123 AR mult_gen_v11_0/op_resize/xilinx 1408291114 \
      CP std_logic_vector CP string CP signal AR mult_gen_v11_0/delay_line/xilinx 1408291116 \
      CP integer CP T_SLV18A CP std_logic CP DSP48 CP T_SLV30A CP DSP48E CP boolean \
      CP DSP48E1 CP DSP48A AR mult_gen_v11_0/cc_compare/xilinx 1408291118
FL "D:/GitHub/VHDL_Modules/Digital Snake Wing/DAC_Test/ipcore_dir/tmp/./_cg/_dbg/./mult_gen_v11_0/hybrid.vhd" 2014/08/17.10:57:46 P.28xd
EN mult_gen_v11_0/hybrid 1408291125 \
      FL "D:/GitHub/VHDL_Modules/Digital Snake Wing/DAC_Test/ipcore_dir/tmp/./_cg/_dbg/./mult_gen_v11_0/hybrid.vhd" \
      PB ieee/std_logic_1164 1341906176 PB ieee/NUMERIC_STD 1341906182 \
      LB xbip_utils_v2_0 LB mult_gen_v11_0 PB xbip_utils_v2_0/bip_utils_pkg_v2_0 1408291105 \
      PB mult_gen_v11_0/mult_gen_pkg_v11_0 1408291112
AR mult_gen_v11_0/hybrid/xilinx 1408291126 \
      FL "D:/GitHub/VHDL_Modules/Digital Snake Wing/DAC_Test/ipcore_dir/tmp/./_cg/_dbg/./mult_gen_v11_0/hybrid.vhd" \
      EN mult_gen_v11_0/hybrid 1408291125 AR mult_gen_v11_0/op_resize/xilinx 1408291114 \
      CP std_logic_vector AR mult_gen_v11_0/dsp/xilinx 1408291124 \
      AR mult_gen_v11_0/mult18/xilinx 1408291122 CP boolean CP string CP signal \
      AR mult_gen_v11_0/delay_line/xilinx 1408291116 \
      AR mult_gen_v11_0/luts/xilinx 1408291120 PB ieee/STD_LOGIC_SIGNED 1341906179 \
      CP integer PB ieee/STD_LOGIC_UNSIGNED 1341906179
FL "D:/GitHub/VHDL_Modules/Digital Snake Wing/DAC_Test/ipcore_dir/tmp/./_cg/_dbg/./mult_gen_v11_0/luts.vhd" 2014/08/17.10:57:45 P.28xd
EN mult_gen_v11_0/luts 1408291119 \
      FL "D:/GitHub/VHDL_Modules/Digital Snake Wing/DAC_Test/ipcore_dir/tmp/./_cg/_dbg/./mult_gen_v11_0/luts.vhd" \
      PB ieee/std_logic_1164 1341906176 PB ieee/NUMERIC_STD 1341906182 LB unisim \
      PH unisim/VCOMPONENTS 1341906184 LB xbip_utils_v2_0 LB mult_gen_v11_0 \
      PB xbip_utils_v2_0/bip_utils_pkg_v2_0 1408291105 \
      PB mult_gen_v11_0/mult_gen_pkg_v11_0 1408291112
AR mult_gen_v11_0/luts/xilinx 1408291120 \
      FL "D:/GitHub/VHDL_Modules/Digital Snake Wing/DAC_Test/ipcore_dir/tmp/./_cg/_dbg/./mult_gen_v11_0/luts.vhd" \
      EN mult_gen_v11_0/luts 1408291119 AR mult_gen_v11_0/op_resize/xilinx 1408291114 \
      CP std_logic CP mult_and CP muxcy CP xorcy CP integer CP T_S1_ADD_OUT CP string \
      CP signal PB ieee/STD_LOGIC_UNSIGNED 1341906179 PB ieee/STD_LOGIC_SIGNED 1341906179 \
      CP T_S2_ADD_OUT CP T_S3_ADD_OUT CP T_S4_ADD_OUT CP T_S5_ADD_OUT \
      CP std_logic_vector AR mult_gen_v11_0/delay_line/xilinx 1408291116
FL "D:/GitHub/VHDL_Modules/Digital Snake Wing/DAC_Test/ipcore_dir/tmp/./_cg/_dbg/./mult_gen_v11_0/mult18.vhd" 2014/08/17.10:57:45 P.28xd
EN mult_gen_v11_0/mult18 1408291121 \
      FL "D:/GitHub/VHDL_Modules/Digital Snake Wing/DAC_Test/ipcore_dir/tmp/./_cg/_dbg/./mult_gen_v11_0/mult18.vhd" \
      PB ieee/std_logic_1164 1341906176 PB ieee/NUMERIC_STD 1341906182 \
      PB ieee/STD_LOGIC_SIGNED 1341906179 LB unisim PH unisim/VCOMPONENTS 1341906184 \
      LB xbip_utils_v2_0 LB mult_gen_v11_0 PB xbip_utils_v2_0/bip_utils_pkg_v2_0 1408291105 \
      PB mult_gen_v11_0/mult_gen_pkg_v11_0 1408291112
AR mult_gen_v11_0/mult18/xilinx 1408291122 \
      FL "D:/GitHub/VHDL_Modules/Digital Snake Wing/DAC_Test/ipcore_dir/tmp/./_cg/_dbg/./mult_gen_v11_0/mult18.vhd" \
      EN mult_gen_v11_0/mult18 1408291121 AR mult_gen_v11_0/op_resize/xilinx 1408291114 \
      CP T_SLV36A CP mult18x18s CP mult18x18 CP T_SLV18A CP std_logic_vector \
      CP mult18x18sio CP integer CP string CP signal \
      AR mult_gen_v11_0/delay_line/xilinx 1408291116
FL "D:/GitHub/VHDL_Modules/Digital Snake Wing/DAC_Test/ipcore_dir/tmp/./_cg/_dbg/./mult_gen_v11_0/mult_gen_pkg_v11_0.vhd" 2014/08/17.10:57:43 P.28xd
PH mult_gen_v11_0/mult_gen_pkg_v11_0 1408291111 \
      FL "D:/GitHub/VHDL_Modules/Digital Snake Wing/DAC_Test/ipcore_dir/tmp/./_cg/_dbg/./mult_gen_v11_0/mult_gen_pkg_v11_0.vhd" \
      PB ieee/std_logic_1164 1341906176 PB ieee/NUMERIC_STD 1341906182 \
      LB xbip_utils_v2_0 PB xbip_utils_v2_0/bip_utils_pkg_v2_0 1408291105
PB mult_gen_v11_0/mult_gen_pkg_v11_0 1408291112 \
      FL "D:/GitHub/VHDL_Modules/Digital Snake Wing/DAC_Test/ipcore_dir/tmp/./_cg/_dbg/./mult_gen_v11_0/mult_gen_pkg_v11_0.vhd" \
      PH mult_gen_v11_0/mult_gen_pkg_v11_0 1408291111 PB ieee/STD_LOGIC_SIGNED 1341906179
FL "D:/GitHub/VHDL_Modules/Digital Snake Wing/DAC_Test/ipcore_dir/tmp/./_cg/_dbg/./mult_gen_v11_0/mult_gen_v11_0.vhd" 2014/08/17.10:57:51 P.28xd
EN mult_gen_v11_0/mult_gen_v11_0 1408291143 \
      FL "D:/GitHub/VHDL_Modules/Digital Snake Wing/DAC_Test/ipcore_dir/tmp/./_cg/_dbg/./mult_gen_v11_0/mult_gen_v11_0.vhd" \
      PB ieee/std_logic_1164 1341906176 LB mult_gen_v11_0
AR mult_gen_v11_0/mult_gen_v11_0/xilinx 1408291144 \
      FL "D:/GitHub/VHDL_Modules/Digital Snake Wing/DAC_Test/ipcore_dir/tmp/./_cg/_dbg/./mult_gen_v11_0/mult_gen_v11_0.vhd" \
      EN mult_gen_v11_0/mult_gen_v11_0 1408291143 CP mult_gen_v11_0_xst
FL "D:/GitHub/VHDL_Modules/Digital Snake Wing/DAC_Test/ipcore_dir/tmp/./_cg/_dbg/./mult_gen_v11_0/mult_gen_v11_0_xst.vhd" 2014/08/17.10:57:50 P.28xd
EN mult_gen_v11_0/mult_gen_v11_0_xst 1408291141 \
      FL "D:/GitHub/VHDL_Modules/Digital Snake Wing/DAC_Test/ipcore_dir/tmp/./_cg/_dbg/./mult_gen_v11_0/mult_gen_v11_0_xst.vhd" \
      PB ieee/std_logic_1164 1341906176 PB ieee/NUMERIC_STD 1341906182 \
      LB xbip_utils_v2_0 LB mult_gen_v11_0 PB xbip_utils_v2_0/bip_utils_pkg_v2_0 1408291105 \
      PB mult_gen_v11_0/mult_gen_pkg_v11_0 1408291112
AR mult_gen_v11_0/mult_gen_v11_0_xst/xilinx 1408291142 \
      FL "D:/GitHub/VHDL_Modules/Digital Snake Wing/DAC_Test/ipcore_dir/tmp/./_cg/_dbg/./mult_gen_v11_0/mult_gen_v11_0_xst.vhd" \
      EN mult_gen_v11_0/mult_gen_v11_0_xst 1408291141 \
      AR mult_gen_v11_0/luts/xilinx 1408291120 CP std_logic_vector \
      AR mult_gen_v11_0/dsp/xilinx 1408291124 AR mult_gen_v11_0/mult18/xilinx 1408291122 \
      AR mult_gen_v11_0/hybrid/xilinx 1408291126 AR mult_gen_v11_0/ccm/xilinx 1408291140
FL "D:/GitHub/VHDL_Modules/Digital Snake Wing/DAC_Test/ipcore_dir/tmp/./_cg/_dbg/./mult_gen_v11_0/op_resize.vhd" 2014/08/17.10:57:43 P.28xd
EN mult_gen_v11_0/op_resize 1408291113 \
      FL "D:/GitHub/VHDL_Modules/Digital Snake Wing/DAC_Test/ipcore_dir/tmp/./_cg/_dbg/./mult_gen_v11_0/op_resize.vhd" \
      PB ieee/std_logic_1164 1341906176 PB ieee/NUMERIC_STD 1341906182 \
      LB xbip_utils_v2_0 PB xbip_utils_v2_0/bip_utils_pkg_v2_0 1408291105
AR mult_gen_v11_0/op_resize/xilinx 1408291114 \
      FL "D:/GitHub/VHDL_Modules/Digital Snake Wing/DAC_Test/ipcore_dir/tmp/./_cg/_dbg/./mult_gen_v11_0/op_resize.vhd" \
      EN mult_gen_v11_0/op_resize 1408291113
FL "D:/GitHub/VHDL_Modules/Digital Snake Wing/DAC_Test/ipcore_dir/tmp/./_cg/_dbg/./mult_gen_v11_0/simulation/mult_gen_v11_0_xst_comp.vhd" 2014/08/17.10:57:42 P.28xd
PH mult_gen_v11_0/mult_gen_v11_0_xst_comp 1408291110 \
      FL "D:/GitHub/VHDL_Modules/Digital Snake Wing/DAC_Test/ipcore_dir/tmp/./_cg/_dbg/./mult_gen_v11_0/simulation/mult_gen_v11_0_xst_comp.vhd" \
      PB ieee/std_logic_1164 1341906176 CD mult_gen_v11_0_xst
