AR uart_rx behavioral D:/GitHub/VHDL_Modules/UART/UART_Library/UART_RX.vhd sub00/vhpl03 1424660349
EN uart_ver_2 NULL D:/GitHub/VHDL_Modules/UART/UART_Library/UART.vhd sub00/vhpl10 1424660361
AR uart behavioral D:/GitHub/VHDL_Modules/UART/UART_Library/UART.vhd sub00/vhpl09 1424660360
AR uart_ver_2 behavioral D:/GitHub/VHDL_Modules/UART/UART_Library/UART.vhd sub00/vhpl11 1424660362
AR uart_tx behavioral D:/GitHub/VHDL_Modules/UART/UART_Library/UART_TX.vhd sub00/vhpl07 1424660353
AR mod_m_counter behavioral D:/GitHub/VHDL_Modules/UART/UART_Library/mod_m_counter.vhd sub00/vhpl01 1424660347
AR fifo behavioral D:/GitHub/VHDL_Modules/UART/UART_Library/FIFO.vhd sub00/vhpl05 1424660351
EN fifo NULL D:/GitHub/VHDL_Modules/UART/UART_Library/FIFO.vhd sub00/vhpl04 1424660350
EN uart NULL D:/GitHub/VHDL_Modules/UART/UART_Library/UART.vhd sub00/vhpl08 1424660359
EN mod_m_counter NULL D:/GitHub/VHDL_Modules/UART/UART_Library/mod_m_counter.vhd sub00/vhpl00 1424660346
EN uart_rx NULL D:/GitHub/VHDL_Modules/UART/UART_Library/UART_RX.vhd sub00/vhpl02 1424660348
EN uart_tx NULL D:/GitHub/VHDL_Modules/UART/UART_Library/UART_TX.vhd sub00/vhpl06 1424660352
