V3 28
FL D:/GitHub/VHDL_Modules/UART/UART_Library/FIFO.vhd 2015/03/15.11:52:15 P.28xd
EN UART_Library/FIFO 1426443346 \
      FL D:/GitHub/VHDL_Modules/UART/UART_Library/FIFO.vhd PB ieee/std_logic_1164 1341906176 \
      PB ieee/NUMERIC_STD 1341906182
AR UART_Library/FIFO/Behavioral 1426443347 \
      FL D:/GitHub/VHDL_Modules/UART/UART_Library/FIFO.vhd EN UART_Library/FIFO 1426443346
EN UART_Library/FIFO_VER_2 1426443348 \
      FL D:/GitHub/VHDL_Modules/UART/UART_Library/FIFO.vhd PB ieee/std_logic_1164 1341906176 \
      PB ieee/NUMERIC_STD 1341906182
AR UART_Library/FIFO_VER_2/Behavioral 1426443349 \
      FL D:/GitHub/VHDL_Modules/UART/UART_Library/FIFO.vhd \
      EN UART_Library/FIFO_VER_2 1426443348
FL D:/GitHub/VHDL_Modules/UART/UART_Library/mod_m_counter.vhd 2015/03/08.11:23:31 P.28xd
EN UART_Library/mod_m_counter 1426443340 \
      FL D:/GitHub/VHDL_Modules/UART/UART_Library/mod_m_counter.vhd \
      PB ieee/std_logic_1164 1341906176 PB ieee/NUMERIC_STD 1341906182
AR UART_Library/mod_m_counter/Behavioral 1426443341 \
      FL D:/GitHub/VHDL_Modules/UART/UART_Library/mod_m_counter.vhd \
      EN UART_Library/mod_m_counter 1426443340
EN UART_Library/mod_m_counter_v2 1426443342 \
      FL D:/GitHub/VHDL_Modules/UART/UART_Library/mod_m_counter.vhd \
      PB ieee/std_logic_1164 1341906176 PB ieee/NUMERIC_STD 1341906182
AR UART_Library/mod_m_counter_v2/Behavioral 1426443343 \
      FL D:/GitHub/VHDL_Modules/UART/UART_Library/mod_m_counter.vhd \
      EN UART_Library/mod_m_counter_v2 1426443342
FL D:/GitHub/VHDL_Modules/UART/UART_Library/UART.vhd 2015/03/15.12:14:54 P.28xd
EN UART_Library/UART 1426443357 \
      FL D:/GitHub/VHDL_Modules/UART/UART_Library/UART.vhd PB ieee/std_logic_1164 1341906176 \
      PB ieee/NUMERIC_STD 1341906182
AR UART_Library/UART/Behavioral 1426443358 \
      FL D:/GitHub/VHDL_Modules/UART/UART_Library/UART.vhd EN UART_Library/UART 1426443357 \
      CP UART_Library/mod_m_counter CP UART_Library/UART_RX CP UART_Library/fifo \
      CP UART_Library/uart_tx
EN UART_Library/UART_VER_2 1426443359 \
      FL D:/GitHub/VHDL_Modules/UART/UART_Library/UART.vhd PB ieee/std_logic_1164 1341906176 \
      PB ieee/NUMERIC_STD 1341906182 LB UART_Library
AR UART_Library/UART_VER_2/Behavioral 1426443360 \
      FL D:/GitHub/VHDL_Modules/UART/UART_Library/UART.vhd \
      EN UART_Library/UART_VER_2 1426443359 CP UART_Library/mod_m_counter_v2 \
      CP UART_Library/UART_RX CP UART_Library/fifo_ver_2 CP UART_Library/fifo \
      CP UART_Library/uart_tx
FL D:/GitHub/VHDL_Modules/UART/UART_Library/UART_RX.vhd 2015/01/10.15:35:32 P.28xd
EN UART_Library/UART_RX 1426443344 \
      FL D:/GitHub/VHDL_Modules/UART/UART_Library/UART_RX.vhd \
      PB ieee/std_logic_1164 1341906176 PB ieee/NUMERIC_STD 1341906182
AR UART_Library/UART_RX/Behavioral 1426443345 \
      FL D:/GitHub/VHDL_Modules/UART/UART_Library/UART_RX.vhd \
      EN UART_Library/UART_RX 1426443344
FL D:/GitHub/VHDL_Modules/UART/UART_Library/UART_TX.vhd 2015/01/11.10:14:20 P.28xd
EN UART_Library/UART_TX 1426443350 \
      FL D:/GitHub/VHDL_Modules/UART/UART_Library/UART_TX.vhd \
      PB ieee/std_logic_1164 1341906176 PB ieee/NUMERIC_STD 1341906182
AR UART_Library/UART_TX/Behavioral 1426443351 \
      FL D:/GitHub/VHDL_Modules/UART/UART_Library/UART_TX.vhd \
      EN UART_Library/UART_TX 1426443350
