V3 3
FL D:/GitHub/VHDL_Modules/Papilio_test/Test_blinky.vhd 2014/08/16.14:42:05 P.28xd
EN work/Test_blinky 1408218131 \
      FL D:/GitHub/VHDL_Modules/Papilio_test/Test_blinky.vhd \
      PB ieee/std_logic_1164 1341906176
AR work/Test_blinky/Behavioral 1408218132 \
      FL D:/GitHub/VHDL_Modules/Papilio_test/Test_blinky.vhd EN work/Test_blinky 1408218131
