V3 29
FL "D:/GitHub/VHDL_Modules/Digital Snake Wing/DAC_Test/ipcore_dir/tmp/./_cg/_dbg/./xbip_dsp48_wrapper_v2_0/bip_dsp48_wrapper_v2_0_pkg.vhd" 2014/08/17.10:57:56 P.28xd
PH xbip_dsp48_wrapper_v2_0/bip_dsp48_wrapper_v2_0_pkg 1408291162 \
      FL "D:/GitHub/VHDL_Modules/Digital Snake Wing/DAC_Test/ipcore_dir/tmp/./_cg/_dbg/./xbip_dsp48_wrapper_v2_0/bip_dsp48_wrapper_v2_0_pkg.vhd" \
      PB ieee/std_logic_1164 1341906176 CD xbip_dsp48_wrapper_v2_0 \
      CD xbip_dsp48e_wrapper_v2_0 CD xbip_dsp48a_wrapper_v2_0 \
      CD xbip_dsp48e1_wrapper_v2_0 CD xbip_dsp48a1_wrapper_v2_0
PB xbip_dsp48_wrapper_v2_0/bip_dsp48_wrapper_v2_0_pkg 1408291163 \
      FL "D:/GitHub/VHDL_Modules/Digital Snake Wing/DAC_Test/ipcore_dir/tmp/./_cg/_dbg/./xbip_dsp48_wrapper_v2_0/bip_dsp48_wrapper_v2_0_pkg.vhd" \
      PH xbip_dsp48_wrapper_v2_0/bip_dsp48_wrapper_v2_0_pkg 1408291162
FL "D:/GitHub/VHDL_Modules/Digital Snake Wing/DAC_Test/ipcore_dir/tmp/./_cg/_dbg/./xbip_dsp48_wrapper_v2_0/xbip_dsp48a1_wrapper_v2_0.vhd" 2014/08/17.10:57:57 P.28xd
EN xbip_dsp48_wrapper_v2_0/xbip_dsp48a1_wrapper_v2_0 1408291166 \
      FL "D:/GitHub/VHDL_Modules/Digital Snake Wing/DAC_Test/ipcore_dir/tmp/./_cg/_dbg/./xbip_dsp48_wrapper_v2_0/xbip_dsp48a1_wrapper_v2_0.vhd" \
      PB ieee/std_logic_1164 1341906176 LB unisim PH unisim/VCOMPONENTS 1341906184
AR xbip_dsp48_wrapper_v2_0/xbip_dsp48a1_wrapper_v2_0/synth 1408291167 \
      FL "D:/GitHub/VHDL_Modules/Digital Snake Wing/DAC_Test/ipcore_dir/tmp/./_cg/_dbg/./xbip_dsp48_wrapper_v2_0/xbip_dsp48a1_wrapper_v2_0.vhd" \
      EN xbip_dsp48_wrapper_v2_0/xbip_dsp48a1_wrapper_v2_0 1408291166 CP DSP48A1
FL "D:/GitHub/VHDL_Modules/Digital Snake Wing/DAC_Test/ipcore_dir/tmp/./_cg/_dbg/./xbip_dsp48_wrapper_v2_0/xbip_dsp48a_wrapper_v2_0.vhd" 2014/08/17.10:57:57 P.28xd
EN xbip_dsp48_wrapper_v2_0/xbip_dsp48a_wrapper_v2_0 1408291164 \
      FL "D:/GitHub/VHDL_Modules/Digital Snake Wing/DAC_Test/ipcore_dir/tmp/./_cg/_dbg/./xbip_dsp48_wrapper_v2_0/xbip_dsp48a_wrapper_v2_0.vhd" \
      PB ieee/std_logic_1164 1341906176 LB unisim PH unisim/VCOMPONENTS 1341906184
AR xbip_dsp48_wrapper_v2_0/xbip_dsp48a_wrapper_v2_0/synth 1408291165 \
      FL "D:/GitHub/VHDL_Modules/Digital Snake Wing/DAC_Test/ipcore_dir/tmp/./_cg/_dbg/./xbip_dsp48_wrapper_v2_0/xbip_dsp48a_wrapper_v2_0.vhd" \
      EN xbip_dsp48_wrapper_v2_0/xbip_dsp48a_wrapper_v2_0 1408291164 CP DSP48A
FL "D:/GitHub/VHDL_Modules/Digital Snake Wing/DAC_Test/ipcore_dir/tmp/./_cg/_dbg/./xbip_dsp48_wrapper_v2_0/xbip_dsp48e1_wrapper_v2_0.vhd" 2014/08/17.10:57:58 P.28xd
EN xbip_dsp48_wrapper_v2_0/xbip_dsp48e1_wrapper_v2_0 1408291170 \
      FL "D:/GitHub/VHDL_Modules/Digital Snake Wing/DAC_Test/ipcore_dir/tmp/./_cg/_dbg/./xbip_dsp48_wrapper_v2_0/xbip_dsp48e1_wrapper_v2_0.vhd" \
      PB ieee/std_logic_1164 1341906176 LB unisim PH unisim/VCOMPONENTS 1341906184
AR xbip_dsp48_wrapper_v2_0/xbip_dsp48e1_wrapper_v2_0/synth 1408291171 \
      FL "D:/GitHub/VHDL_Modules/Digital Snake Wing/DAC_Test/ipcore_dir/tmp/./_cg/_dbg/./xbip_dsp48_wrapper_v2_0/xbip_dsp48e1_wrapper_v2_0.vhd" \
      EN xbip_dsp48_wrapper_v2_0/xbip_dsp48e1_wrapper_v2_0 1408291170 CP DSP48E1
FL "D:/GitHub/VHDL_Modules/Digital Snake Wing/DAC_Test/ipcore_dir/tmp/./_cg/_dbg/./xbip_dsp48_wrapper_v2_0/xbip_dsp48e_wrapper_v2_0.vhd" 2014/08/17.10:57:58 P.28xd
EN xbip_dsp48_wrapper_v2_0/xbip_dsp48e_wrapper_v2_0 1408291168 \
      FL "D:/GitHub/VHDL_Modules/Digital Snake Wing/DAC_Test/ipcore_dir/tmp/./_cg/_dbg/./xbip_dsp48_wrapper_v2_0/xbip_dsp48e_wrapper_v2_0.vhd" \
      PB ieee/std_logic_1164 1341906176 LB unisim PH unisim/VCOMPONENTS 1341906184
AR xbip_dsp48_wrapper_v2_0/xbip_dsp48e_wrapper_v2_0/synth 1408291169 \
      FL "D:/GitHub/VHDL_Modules/Digital Snake Wing/DAC_Test/ipcore_dir/tmp/./_cg/_dbg/./xbip_dsp48_wrapper_v2_0/xbip_dsp48e_wrapper_v2_0.vhd" \
      EN xbip_dsp48_wrapper_v2_0/xbip_dsp48e_wrapper_v2_0 1408291168 CP DSP48E
FL "D:/GitHub/VHDL_Modules/Digital Snake Wing/DAC_Test/ipcore_dir/tmp/./_cg/_dbg/./xbip_dsp48_wrapper_v2_0/xbip_dsp48_wrapper_v2_0.vhd" 2014/08/17.10:57:59 P.28xd
EN xbip_dsp48_wrapper_v2_0/xbip_dsp48_wrapper_v2_0 1408291172 \
      FL "D:/GitHub/VHDL_Modules/Digital Snake Wing/DAC_Test/ipcore_dir/tmp/./_cg/_dbg/./xbip_dsp48_wrapper_v2_0/xbip_dsp48_wrapper_v2_0.vhd" \
      PB ieee/std_logic_1164 1341906176 LB unisim PH unisim/VCOMPONENTS 1341906184
AR xbip_dsp48_wrapper_v2_0/xbip_dsp48_wrapper_v2_0/synth 1408291173 \
      FL "D:/GitHub/VHDL_Modules/Digital Snake Wing/DAC_Test/ipcore_dir/tmp/./_cg/_dbg/./xbip_dsp48_wrapper_v2_0/xbip_dsp48_wrapper_v2_0.vhd" \
      EN xbip_dsp48_wrapper_v2_0/xbip_dsp48_wrapper_v2_0 1408291172 CP DSP48
