V3 3
FL D:/GitHub/VHDL_Modules/SPI/Library/SPI/SPI_MASTER_TX.vhd 2015/02/08.10:36:48 P.28xd
EN SPI/SPI_MASTER_TX 1423413414 \
      FL D:/GitHub/VHDL_Modules/SPI/Library/SPI/SPI_MASTER_TX.vhd \
      PB ieee/std_logic_1164 1341906176 PB ieee/NUMERIC_STD 1341906182
AR SPI/SPI_MASTER_TX/Behavioral 1423413415 \
      FL D:/GitHub/VHDL_Modules/SPI/Library/SPI/SPI_MASTER_TX.vhd \
      EN SPI/SPI_MASTER_TX 1423413414
