AR square_wave behavioral "D:/GitHub/VHDL_Modules/Digital Snake Wing/DAC_Test/Square_wave.vhd" sub00/vhpl03 1413649834
EN square_wave NULL "D:/GitHub/VHDL_Modules/Digital Snake Wing/DAC_Test/Square_wave.vhd" sub00/vhpl02 1413649833
EN max5556 NULL "D:/GitHub/VHDL_Modules/Digital Snake Wing/DAC_Test/MAX5556.vhd" sub00/vhpl00 1413649831
AR max5556 behavioral "D:/GitHub/VHDL_Modules/Digital Snake Wing/DAC_Test/MAX5556.vhd" sub00/vhpl01 1413649832
