EN i2s_master NULL D:/GitHub/VHDL_Modules/I2S/I2S_Module.vhd sub00/vhpl02 1416923262
AR i2s_module behavioral D:/GitHub/VHDL_Modules/I2S/I2S_Module.vhd sub00/vhpl01 1406907077
AR i2s_master behavioral D:/GitHub/VHDL_Modules/I2S/I2S_Module.vhd sub00/vhpl03 1416923263
EN i2s_module NULL D:/GitHub/VHDL_Modules/I2S/I2S_Module.vhd sub00/vhpl00 1406907076
