Release 14.2 - xst P.28xd (nt64)
Copyright (c) 1995-2012 Xilinx, Inc.  All rights reserved.
--> Parameter TMPDIR set to xst/projnav.tmp


Total REAL time to Xst completion: 0.00 secs
Total CPU time to Xst completion: 0.14 secs
 
--> Parameter xsthdpdir set to xst


Total REAL time to Xst completion: 0.00 secs
Total CPU time to Xst completion: 0.15 secs
 
--> Reading design: SPI_MASTER_TX.prj

TABLE OF CONTENTS
  1) Synthesis Options Summary
  2) HDL Compilation
  3) Design Hierarchy Analysis
  4) HDL Analysis
  5) HDL Synthesis
     5.1) HDL Synthesis Report
  6) Advanced HDL Synthesis
     6.1) Advanced HDL Synthesis Report
  7) Low Level Synthesis
  8) Partition Report
  9) Final Report
	9.1) Device utilization summary
	9.2) Partition Resource Summary
	9.3) TIMING REPORT


=========================================================================
*                      Synthesis Options Summary                        *
=========================================================================
---- Source Parameters
Input File Name                    : "SPI_MASTER_TX.prj"
Input Format                       : mixed
Ignore Synthesis Constraint File   : NO

---- Target Parameters
Output File Name                   : "SPI_MASTER_TX"
Output Format                      : NGC
Target Device                      : xc3s100e-5-cp132

---- Source Options
Top Module Name                    : SPI_MASTER_TX
Automatic FSM Extraction           : YES
FSM Encoding Algorithm             : Auto
Safe Implementation                : No
FSM Style                          : LUT
RAM Extraction                     : Yes
RAM Style                          : Auto
ROM Extraction                     : Yes
Mux Style                          : Auto
Decoder Extraction                 : YES
Priority Encoder Extraction        : Yes
Shift Register Extraction          : YES
Logical Shifter Extraction         : YES
XOR Collapsing                     : YES
ROM Style                          : Auto
Mux Extraction                     : Yes
Resource Sharing                   : YES
Asynchronous To Synchronous        : NO
Multiplier Style                   : Auto
Automatic Register Balancing       : No

---- Target Options
Add IO Buffers                     : YES
Global Maximum Fanout              : 500
Add Generic Clock Buffer(BUFG)     : 24
Register Duplication               : YES
Slice Packing                      : YES
Optimize Instantiated Primitives   : NO
Use Clock Enable                   : Yes
Use Synchronous Set                : Yes
Use Synchronous Reset              : Yes
Pack IO Registers into IOBs        : Auto
Equivalent register Removal        : YES

---- General Options
Optimization Goal                  : Speed
Optimization Effort                : 1
Keep Hierarchy                     : No
Netlist Hierarchy                  : As_Optimized
RTL Output                         : Yes
Global Optimization                : AllClockNets
Read Cores                         : YES
Write Timing Constraints           : NO
Cross Clock Analysis               : NO
Hierarchy Separator                : /
Bus Delimiter                      : <>
Case Specifier                     : Maintain
Slice Utilization Ratio            : 100
BRAM Utilization Ratio             : 100
Verilog 2001                       : YES
Auto BRAM Packing                  : NO
Slice Utilization Ratio Delta      : 5

=========================================================================


=========================================================================
*                          HDL Compilation                              *
=========================================================================
Compiling vhdl file "D:/GitHub/VHDL_Modules/SPI/Library/SPI/SPI_MASTER_TX.vhd" in Library SPI.
Architecture behavioral of Entity spi_master_tx is up to date.

=========================================================================
*                     Design Hierarchy Analysis                         *
=========================================================================
Analyzing hierarchy for entity <SPI_MASTER_TX> in library <SPI> (architecture <behavioral>) with generics.
	N = 8
	PHA = '0'
	POL = '0'


=========================================================================
*                            HDL Analysis                               *
=========================================================================
Analyzing generic Entity <SPI_MASTER_TX> in library <SPI> (Architecture <behavioral>).
	N = 8
	PHA = '0'
	POL = '0'
Entity <SPI_MASTER_TX> analyzed. Unit <SPI_MASTER_TX> generated.


=========================================================================
*                           HDL Synthesis                               *
=========================================================================

Performing bidirectional port resolution...

Synthesizing Unit <SPI_MASTER_TX>.
    Related source file is "D:/GitHub/VHDL_Modules/SPI/Library/SPI/SPI_MASTER_TX.vhd".
WARNING:Xst:646 - Signal <delay_current> is assigned but never used. This unconnected signal will be trimmed during the optimization process.
    Found 4-bit register for signal <counter_current>.
    Found 4-bit adder for signal <counter_current$addsub0000> created at line 102.
    Found 8-bit register for signal <data_reg>.
    Found 1-bit xor2 for signal <sclk_edge$xor0000> created at line 47.
    Found 1-bit register for signal <sclk_prev>.
    Found 1-bit register for signal <state_current<0>>.
    Found 1-bit register for signal <tx_done_current>.
    Summary:
	inferred  15 D-type flip-flop(s).
	inferred   1 Adder/Subtractor(s).
Unit <SPI_MASTER_TX> synthesized.


=========================================================================
HDL Synthesis Report

Macro Statistics
# Adders/Subtractors                                   : 1
 4-bit adder                                           : 1
# Registers                                            : 5
 1-bit register                                        : 3
 4-bit register                                        : 1
 8-bit register                                        : 1
# Xors                                                 : 1
 1-bit xor2                                            : 1

=========================================================================

=========================================================================
*                       Advanced HDL Synthesis                          *
=========================================================================


=========================================================================
Advanced HDL Synthesis Report

Macro Statistics
# Adders/Subtractors                                   : 1
 4-bit adder                                           : 1
# Registers                                            : 15
 Flip-Flops                                            : 15
# Xors                                                 : 1
 1-bit xor2                                            : 1

=========================================================================

=========================================================================
*                         Low Level Synthesis                           *
=========================================================================

Optimizing unit <SPI_MASTER_TX> ...

Mapping all equations...
Building and optimizing final netlist ...
Found area constraint ratio of 100 (+ 5) on block SPI_MASTER_TX, actual ratio is 1.

Final Macro Processing ...

=========================================================================
Final Register Report

Macro Statistics
# Registers                                            : 15
 Flip-Flops                                            : 15

=========================================================================

=========================================================================
*                           Partition Report                            *
=========================================================================

Partition Implementation Status
-------------------------------

  No Partitions were found in this design.

-------------------------------

=========================================================================
*                            Final Report                               *
=========================================================================
Final Results
RTL Top Level Output File Name     : SPI_MASTER_TX.ngr
Top Level Output File Name         : SPI_MASTER_TX
Output Format                      : NGC
Optimization Goal                  : Speed
Keep Hierarchy                     : No

Design Statistics
# IOs                              : 16

Cell Usage :
# BELS                             : 36
#      LUT2                        : 2
#      LUT3                        : 11
#      LUT3_L                      : 1
#      LUT4                        : 13
#      LUT4_L                      : 9
# FlipFlops/Latches                : 15
#      FDC                         : 3
#      FDCE                        : 12
# Clock Buffers                    : 1
#      BUFGP                       : 1
# IO Buffers                       : 15
#      IBUF                        : 13
#      OBUF                        : 2
=========================================================================

Device utilization summary:
---------------------------

Selected Device : 3s100ecp132-5 

 Number of Slices:                       19  out of    960     1%  
 Number of Slice Flip Flops:             15  out of   1920     0%  
 Number of 4 input LUTs:                 36  out of   1920     1%  
 Number of IOs:                          16
 Number of bonded IOBs:                  16  out of     83    19%  
 Number of GCLKs:                         1  out of     24     4%  

---------------------------
Partition Resource Summary:
---------------------------

  No Partitions were found in this design.

---------------------------


=========================================================================
TIMING REPORT

NOTE: THESE TIMING NUMBERS ARE ONLY A SYNTHESIS ESTIMATE.
      FOR ACCURATE TIMING INFORMATION PLEASE REFER TO THE TRACE REPORT
      GENERATED AFTER PLACE-and-ROUTE.

Clock Information:
------------------
-----------------------------------+------------------------+-------+
Clock Signal                       | Clock buffer(FF name)  | Load  |
-----------------------------------+------------------------+-------+
CLK                                | BUFGP                  | 15    |
-----------------------------------+------------------------+-------+

Asynchronous Control Signals Information:
----------------------------------------
-----------------------------------+------------------------+-------+
Control Signal                     | Buffer(FF name)        | Load  |
-----------------------------------+------------------------+-------+
RESET                              | IBUF                   | 15    |
-----------------------------------+------------------------+-------+

Timing Summary:
---------------
Speed Grade: -5

   Minimum period: 4.006ns (Maximum Frequency: 249.647MHz)
   Minimum input arrival time before clock: 3.804ns
   Maximum output required time after clock: 4.134ns
   Maximum combinational path delay: No path found

Timing Detail:
--------------
All values displayed in nanoseconds (ns)

=========================================================================
Timing constraint: Default period analysis for Clock 'CLK'
  Clock period: 4.006ns (frequency: 249.647MHz)
  Total number of paths / destination ports: 113 / 26
-------------------------------------------------------------------------
Delay:               4.006ns (Levels of Logic = 3)
  Source:            counter_current_3 (FF)
  Destination:       counter_current_3 (FF)
  Source Clock:      CLK rising
  Destination Clock: CLK rising

  Data Path: counter_current_3 to counter_current_3
                                Gate     Net
    Cell:in->out      fanout   Delay   Delay  Logical Name (Net Name)
    ----------------------------------------  ------------
     FDCE:C->Q             2   0.514   0.532  counter_current_3 (counter_current_3)
     LUT3:I0->O           10   0.612   0.753  data_reg_and000211 (N3)
     LUT4_L:I3->LO         1   0.612   0.103  data_reg_mux0000<0>11 (N01)
     LUT4:I3->O            1   0.612   0.000  counter_current_mux0000<0> (counter_current_mux0000<0>)
     FDCE:D                    0.268          counter_current_3
    ----------------------------------------
    Total                      4.006ns (2.618ns logic, 1.388ns route)
                                       (65.4% logic, 34.6% route)

=========================================================================
Timing constraint: Default OFFSET IN BEFORE for Clock 'CLK'
  Total number of paths / destination ports: 51 / 24
-------------------------------------------------------------------------
Offset:              3.804ns (Levels of Logic = 3)
  Source:            CONT (PAD)
  Destination:       data_reg_5 (FF)
  Destination Clock: CLK rising

  Data Path: CONT to data_reg_5
                                Gate     Net
    Cell:in->out      fanout   Delay   Delay  Logical Name (Net Name)
    ----------------------------------------  ------------
     IBUF:I->O            10   1.106   0.819  CONT_IBUF (CONT_IBUF)
     LUT4:I1->O            1   0.612   0.387  data_reg_mux0000<0>11_SW5 (N15)
     LUT4:I2->O            1   0.612   0.000  data_reg_mux0000<5>1 (data_reg_mux0000<5>)
     FDCE:D                    0.268          data_reg_5
    ----------------------------------------
    Total                      3.804ns (2.598ns logic, 1.206ns route)
                                       (68.3% logic, 31.7% route)

=========================================================================
Timing constraint: Default OFFSET OUT AFTER for Clock 'CLK'
  Total number of paths / destination ports: 2 / 2
-------------------------------------------------------------------------
Offset:              4.134ns (Levels of Logic = 1)
  Source:            data_reg_7 (FF)
  Destination:       MOSI (PAD)
  Source Clock:      CLK rising

  Data Path: data_reg_7 to MOSI
                                Gate     Net
    Cell:in->out      fanout   Delay   Delay  Logical Name (Net Name)
    ----------------------------------------  ------------
     FDCE:C->Q             3   0.514   0.451  data_reg_7 (data_reg_7)
     OBUF:I->O                 3.169          MOSI_OBUF (MOSI)
    ----------------------------------------
    Total                      4.134ns (3.683ns logic, 0.451ns route)
                                       (89.1% logic, 10.9% route)

=========================================================================


Total REAL time to Xst completion: 5.00 secs
Total CPU time to Xst completion: 5.41 secs
 
--> 

Total memory usage is 270848 kilobytes

Number of errors   :    0 (   0 filtered)
Number of warnings :    1 (   0 filtered)
Number of infos    :    0 (   0 filtered)

