EN dcm32to27 NULL "D:/GitHub/VHDL_Modules/Digital Snake Wing/Test_PLL/DCM32to27.vhd" sub00/vhpl02 1408282618
AR dcm32to27 behavioral "D:/GitHub/VHDL_Modules/Digital Snake Wing/Test_PLL/DCM32to27.vhd" sub00/vhpl03 1408282619
EN test_pll NULL "D:/GitHub/VHDL_Modules/Digital Snake Wing/Test_PLL/Test_PLL.vhd" sub00/vhpl00 1408282620
AR test_pll behavioral "D:/GitHub/VHDL_Modules/Digital Snake Wing/Test_PLL/Test_PLL.vhd" sub00/vhpl01 1408282621
